<html>
<body>
<pre>
<h1>礦ision Build Log</h1>
<h2>Tool Versions:</h2>
IDE-Version: μVision V5.38.0.0
Copyright (C) 2022 ARM Ltd and ARM Germany GmbH. All rights reserved.
License Information: 2308370056@qq.com 2308370056@qq.com, 2308370056@qq.com, LIC=4ZLZX-HBDBR-PHC89-48XKK-E2BWU-Z7L4K
 
Tool Versions:
Toolchain:       MDK-ARM Professional  Version: 5.38.0.0
Toolchain Path:  D:\Keil_v5\ARM\ARMCC\Bin
C Compiler:      Armcc.exe V5.06 update 1 (build 61)
Assembler:       Armasm.exe V5.06 update 1 (build 61)
Linker/Locator:  ArmLink.exe V5.06 update 1 (build 61)
Library Manager: ArmAr.exe V5.06 update 1 (build 61)
Hex Converter:   FromElf.exe V5.06 update 1 (build 61)
CPU DLL:         SARMCM3.DLL V5.38.0.0
Dialog DLL:      DCM.DLL V1.17.5.0
Target DLL:      STLink\ST-LINKIII-KEIL_SWO.dll V3.1.0.0
Dialog DLL:      TCM.DLL V1.56.4.0
 
<h2>Project:</h2>
F:\2.WHEELTEC R550-V550 ROS教育机器人运动底盘资料\3.STM32运动底盘源码\当前版本代码（适配STM32控制板_D版_2022.05.17-现在）\C30D-1.0版\Mini小车_D版STM32源码_2025.01.13(霍尔编码器)\USER\WHEELTEC.uvprojx
Project File Date:  07/10/2025

<h2>Output:</h2>
*** Using Compiler 'V5.06 update 1 (build 61)', folder: 'D:\Keil_v5\ARM\ARMCC\Bin'
Rebuild target 'FreeRTOS'
compiling stm32f4xx_it.c...
compiling system_stm32f4xx.c...
compiling main.c...
assembling startup_stm32f40_41xxx.s...
compiling sys.c...
compiling usart.c...
compiling delay.c...
compiling timer.c...
compiling encoder.c...
compiling pstwo.c...
compiling oled.c...
compiling key.c...
compiling LED.C...
compiling motor.c...
compiling adc.c...
compiling can.c...
compiling usartx.c...
compiling misc.c...
compiling stm32f4xx_gpio.c...
compiling stm32f4xx_syscfg.c...
compiling stm32f4xx_usart.c...
compiling stm32f4xx_rcc.c...
compiling stm32f4xx_adc.c...
compiling stm32f4xx_pwr.c...
compiling stm32f4xx_can.c...
compiling stm32f4xx_tim.c...
compiling croutine.c...
compiling list.c...
compiling event_groups.c...
compiling port.c...
compiling timers.c...
compiling queue.c...
compiling heap_4.c...
compiling tasks.c...
compiling system.c...
compiling robot_select_init.c...
compiling balance.c...
compiling show.c...
compiling MPU6050.c...
compiling I2C.c...
linking...
Program Size: Code=46950 RO-data=7714 RW-data=608 ZI-data=24344  
FromELF: creating hex file...
"..\OBJ\WHEELTEC.axf" - 0 Error(s), 0 Warning(s).

<h2>Software Packages used:</h2>

Package Vendor: Keil
                https://www.keil.com/pack/Keil.STM32F4xx_DFP.2.17.1.pack
                Keil.STM32F4xx_DFP.2.17.1
                STMicroelectronics STM32F4 Series Device Support, Drivers and Examples

<h2>Collection of Component include folders:</h2>
  D:/Keil_v5/ARM/Pack/Keil/STM32F4xx_DFP/2.17.1/Drivers/CMSIS/Device/ST/STM32F4xx/Include

<h2>Collection of Component Files used:</h2>
Build Time Elapsed:  00:00:04
</pre>
</body>
</html>
